GET API_URL/v1/vehicles?lines=A%3BD%3B0P%3B0L%3B4%3B20%3B31%3B32%3B107%3B124%3B125%3B250%3B251%3B325%3B602%3B607
Accept-Encoding: br, gzip, deflate
Accept: application/json
User-Agent: BUNDLE_NAME/BUNDLE_VERSION (BUNDLE_IDENTIFIER; DEVICE_MODEL; DEVICE_SYSTEM_NAME DEVICE_SYSTEM_VERSION)